# comando: yay -Syu $(cat ./packages.lst)
pipewire
pipewire-alsa
pipewire-audio
pipewire-jack
pipewire-pulse
gst-plugin-pipewire
wireplumber
pavucontrol
pamixer
networkmanager
network-manager-applet
bluez
bluez-utils
blueman
brightnessctl
udiskie2
ufw
openssh
sddm
qt5-quickcontrols
qt5-quickcontrols2
qt5-graphicaleffects
hyprland
hyprpaper
hyprlock
hypridle
hyprpicker
hyprwayland-scanner-git
dunst
rofi-lbonn-wayland-git
waybar
wlogout
grimblast-git
slurp
swappy
cliphist
polkit-gnome
xdg-desktop-portal-hyprland
parallel
pacman-contrib
jq
imagemagick
libnotify
gtk3
gtk4
nwg-look
qt5ct
qt6ct
qt5-wayland
qt6-wayland
firefox
brave-bin
vesktop-bin
freedownloadmanager
stremio
emote
obs-studio
zathura
mpv
mousepad
obsidian
kitty
thunar
ark
neovim
visual-studio-code-bin
lsd
starship
fastfetch
wget
zoxide
tokei
cava
tmux
stow
bat
pass
fzf
btop
hyde-cli-git
wl-clipboard
xdg-user-dirs
man
zip
unzip
mesa
libva-intel-driver
intel-media-driver
vulkan-intel
noto-fonts
noto-fonts-cjk
noto-fonts-emoji
papirus-icon-theme
bibata-cursor-theme-bin
ttf-jetbrains-mono-nerd
ttf-font-awesome
ttf-material-design-icons-extended
ffmpeg
libjpeg-turbo
libpng
libwebp